// Jest Snapshot v1, https://goo.gl/fbAQLP

exports[`ContactModal Should match ContactModal snapshot 1`] = `
<DocumentFragment>
  <div
    class="MuiDialog-root MuiModal-root css-zw3mfo-MuiModal-root-MuiDialog-root"
    data-testid="contact-modal"
    role="presentation"
  >
    <div
      aria-hidden="true"
      class="MuiBackdrop-root MuiModal-backdrop css-yiavyu-MuiBackdrop-root-MuiDialog-backdrop"
      style="opacity: 1; webkit-transition: opacity 225ms cubic-bezier(0.4, 0, 0.2, 1) 0ms; transition: opacity 225ms cubic-bezier(0.4, 0, 0.2, 1) 0ms;"
    />
    <div
      data-testid="sentinelStart"
      tabindex="0"
    />
    <div
      class="MuiDialog-container MuiDialog-scrollPaper css-hz1bth-MuiDialog-container"
      role="presentation"
      style="opacity: 1; webkit-transition: opacity 225ms cubic-bezier(0.4, 0, 0.2, 1) 0ms; transition: opacity 225ms cubic-bezier(0.4, 0, 0.2, 1) 0ms;"
      tabindex="-1"
    >
      <div
        aria-labelledby="form-dialog-title"
        class="MuiPaper-root MuiPaper-elevation MuiPaper-rounded MuiPaper-elevation24 MuiDialog-paper MuiDialog-paperScrollPaper MuiDialog-paperWidthSm css-1t1j96h-MuiPaper-root-MuiDialog-paper"
        role="dialog"
      >
        <div
          class="MuiPaper-root MuiPaper-elevation MuiPaper-rounded MuiPaper-elevation1 css-ztsulh-MuiPaper-root"
        >
          <h2
            class="MuiTypography-root MuiTypography-h6 MuiDialogTitle-root css-bdhsul-MuiTypography-root-MuiDialogTitle-root"
            id="form-dialog-title"
          >
            <button
              aria-label="close"
              class="MuiButtonBase-root MuiIconButton-root MuiIconButton-sizeMedium css-78trlr-MuiButtonBase-root-MuiIconButton-root"
              href=""
              style="position: absolute; right: 8px; top: 8px;"
              tabindex="0"
              type="button"
            >
              <svg
                aria-hidden="true"
                class="MuiSvgIcon-root MuiSvgIcon-fontSizeMedium css-i4bv87-MuiSvgIcon-root"
                data-testid="CloseIcon"
                focusable="false"
                viewBox="0 0 24 24"
              >
                <path
                  d="M19 6.41 17.59 5 12 10.59 6.41 5 5 6.41 10.59 12 5 17.59 6.41 19 12 13.41 17.59 19 19 17.59 13.41 12z"
                />
              </svg>
              <span
                class="MuiTouchRipple-root css-8je8zh-MuiTouchRipple-root"
              />
            </button>
          </h2>
          <div
            class="MuiDialogContent-root css-3fgj6l-MuiDialogContent-root"
          >
            <div
              class="css-1gucqoo"
              data-testid="flight-card"
            >
              <div
                class="css-1mwn02k"
              >
                <p
                  class="MuiTypography-root MuiTypography-body1 css-1entie5-MuiTypography-root"
                >
                  10 000 Р
                </p>
                <p
                  class="MuiTypography-root MuiTypography-body1 css-1kdgtcq-MuiTypography-root"
                >
                  <span>
                    <span
                      class="MuiAvatar-root MuiAvatar-circular css-gh7mkj-MuiAvatar-root"
                    >
                      <img
                        alt="S7 Airlines company logo"
                        class="MuiAvatar-img css-1pqm26d-MuiAvatar-img"
                        src="/images/s7.jpg"
                      />
                    </span>
                  </span>
                  Airlines
                </p>
              </div>
              <div
                class="css-1mwn02k"
              >
                <div
                  class="css-1jibmi3"
                >
                  <p
                    class="css-9vg4wd"
                  >
                    City A - City B
                  </p>
                  <p
                    class="css-6haxrs"
                  >
                    10:00 - 12:00
                  </p>
                </div>
                <div
                  class="css-1jibmi3"
                >
                  <p
                    class="css-9vg4wd"
                  >
                    в пути
                  </p>
                  <p
                    class="css-6haxrs"
                  >
                    2Ч 0М
                  </p>
                </div>
                <div
                  class="css-1jibmi3"
                >
                  <p
                    class="css-9vg4wd"
                  >
                    1 пересадка
                  </p>
                  <p
                    class="css-6haxrs"
                  >
                    SVA
                  </p>
                </div>
              </div>
              <div
                class="css-1mwn02k"
              >
                <div
                  class="css-1jibmi3"
                >
                  <p
                    class="css-9vg4wd"
                  >
                    City B - City A
                  </p>
                  <p
                    class="css-6haxrs"
                  >
                    12:00 - 14:30
                  </p>
                </div>
                <div
                  class="css-1jibmi3"
                >
                  <p
                    class="css-9vg4wd"
                  >
                    в пути
                  </p>
                  <p
                    class="css-6haxrs"
                  >
                    2Ч 30М
                  </p>
                </div>
                <div
                  class="css-1jibmi3"
                >
                  <p
                    class="css-9vg4wd"
                  >
                    1 пересадка
                  </p>
                  <p
                    class="css-6haxrs"
                  >
                    SVA
                  </p>
                </div>
              </div>
            </div>
            <form
              class="sc-dnaUSb fXBqFE"
              data-testid="form"
            >
              <div
                class="MuiFormControl-root MuiFormControl-marginDense MuiFormControl-fullWidth MuiTextField-root css-1z10yd4-MuiFormControl-root-MuiTextField-root"
              >
                <label
                  class="MuiFormLabel-root MuiInputLabel-root MuiInputLabel-formControl MuiInputLabel-animated MuiInputLabel-sizeMedium MuiInputLabel-outlined MuiFormLabel-colorPrimary MuiInputLabel-root MuiInputLabel-formControl MuiInputLabel-animated MuiInputLabel-sizeMedium MuiInputLabel-outlined css-14s5rfu-MuiFormLabel-root-MuiInputLabel-root"
                  data-shrink="false"
                  for="name"
                  id="name-label"
                >
                  Имя и фамилия
                </label>
                <div
                  class="MuiInputBase-root MuiOutlinedInput-root MuiInputBase-colorPrimary MuiInputBase-fullWidth MuiInputBase-formControl css-md26zr-MuiInputBase-root-MuiOutlinedInput-root"
                >
                  <input
                    aria-invalid="false"
                    class="MuiInputBase-input MuiOutlinedInput-input css-1t8l2tu-MuiInputBase-input-MuiOutlinedInput-input"
                    id="name"
                    name="name"
                    type="text"
                    value=""
                  />
                  <fieldset
                    aria-hidden="true"
                    class="MuiOutlinedInput-notchedOutline css-1d3z3hw-MuiOutlinedInput-notchedOutline"
                  >
                    <legend
                      class="css-yjsfm1"
                    >
                      <span>
                        Имя и фамилия
                      </span>
                    </legend>
                  </fieldset>
                </div>
              </div>
              <div
                class="MuiFormControl-root MuiFormControl-marginDense MuiFormControl-fullWidth MuiTextField-root css-1z10yd4-MuiFormControl-root-MuiTextField-root"
              >
                <label
                  class="MuiFormLabel-root MuiInputLabel-root MuiInputLabel-formControl MuiInputLabel-animated MuiInputLabel-sizeMedium MuiInputLabel-outlined MuiFormLabel-colorPrimary MuiInputLabel-root MuiInputLabel-formControl MuiInputLabel-animated MuiInputLabel-sizeMedium MuiInputLabel-outlined css-14s5rfu-MuiFormLabel-root-MuiInputLabel-root"
                  data-shrink="false"
                  for="phone"
                  id="phone-label"
                >
                  Телефон
                </label>
                <div
                  class="MuiInputBase-root MuiOutlinedInput-root MuiInputBase-colorPrimary MuiInputBase-fullWidth MuiInputBase-formControl css-md26zr-MuiInputBase-root-MuiOutlinedInput-root"
                >
                  <input
                    aria-invalid="false"
                    class="MuiInputBase-input MuiOutlinedInput-input css-1t8l2tu-MuiInputBase-input-MuiOutlinedInput-input"
                    id="phone"
                    name="phone"
                    type="text"
                    value=""
                  />
                  <fieldset
                    aria-hidden="true"
                    class="MuiOutlinedInput-notchedOutline css-1d3z3hw-MuiOutlinedInput-notchedOutline"
                  >
                    <legend
                      class="css-yjsfm1"
                    >
                      <span>
                        Телефон
                      </span>
                    </legend>
                  </fieldset>
                </div>
              </div>
              <div
                class="MuiFormControl-root MuiFormControl-marginDense MuiFormControl-fullWidth MuiTextField-root css-1z10yd4-MuiFormControl-root-MuiTextField-root"
              >
                <label
                  class="MuiFormLabel-root MuiInputLabel-root MuiInputLabel-formControl MuiInputLabel-animated MuiInputLabel-sizeMedium MuiInputLabel-outlined MuiFormLabel-colorPrimary MuiInputLabel-root MuiInputLabel-formControl MuiInputLabel-animated MuiInputLabel-sizeMedium MuiInputLabel-outlined css-14s5rfu-MuiFormLabel-root-MuiInputLabel-root"
                  data-shrink="false"
                  for="email"
                  id="email-label"
                >
                  Почта
                </label>
                <div
                  class="MuiInputBase-root MuiOutlinedInput-root MuiInputBase-colorPrimary MuiInputBase-fullWidth MuiInputBase-formControl css-md26zr-MuiInputBase-root-MuiOutlinedInput-root"
                >
                  <input
                    aria-invalid="false"
                    class="MuiInputBase-input MuiOutlinedInput-input css-1t8l2tu-MuiInputBase-input-MuiOutlinedInput-input"
                    id="email"
                    name="email"
                    type="text"
                    value=""
                  />
                  <fieldset
                    aria-hidden="true"
                    class="MuiOutlinedInput-notchedOutline css-1d3z3hw-MuiOutlinedInput-notchedOutline"
                  >
                    <legend
                      class="css-yjsfm1"
                    >
                      <span>
                        Почта
                      </span>
                    </legend>
                  </fieldset>
                </div>
              </div>
              <button
                class="MuiButtonBase-root MuiButton-root MuiButton-contained MuiButton-containedInfo MuiButton-sizeMedium MuiButton-containedSizeMedium MuiButton-colorInfo MuiButton-fullWidth MuiButton-root MuiButton-contained MuiButton-containedInfo MuiButton-sizeMedium MuiButton-containedSizeMedium MuiButton-colorInfo MuiButton-fullWidth css-tet4c5-MuiButtonBase-root-MuiButton-root"
                tabindex="0"
                type="submit"
              >
                Отправить
                <span
                  class="MuiTouchRipple-root css-8je8zh-MuiTouchRipple-root"
                />
              </button>
            </form>
          </div>
        </div>
      </div>
    </div>
    <div
      data-testid="sentinelEnd"
      tabindex="0"
    />
  </div>
</DocumentFragment>
`;
